ï¿½ESP-ROM:esp32c6-20220919
Build:Sep 19 2022
rst:0x1 (POWERON),boot:0x6c (SPI_FAST_FLASH_BOOT)
SPIWP:0xee
mode:DIO, clock div:2
load:0x40875720,len:0x1804
load:0x4086c110,len:0xe2c
load:0x4086e610,len:0x2e58
entry 0x4086c11a
[0;32mI (23) boot: ESP-IDF v5.3.1 2nd stage bootloader[0m
[0;32mI (24) boot: compile time Oct 25 2024 20:09:58[0m
[0;32mI (24) boot: chip revision: v0.0[0m
[0;32mI (26) boot.esp32c6: SPI Speed      : 80MHz[0m
[0;32mI (31) boot.esp32c6: SPI Mode       : DIO[0m
[0;32mI (36) boot.esp32c6: SPI Flash Size : 16MB[0m
[0;32mI (41) boot: Enabling RNG early entropy source...[0m
[0;32mI (46) boot: Partition Table:[0m
[0;32mI (50) boot: ## Label            Usage          Type ST Offset   Length[0m
[0;32mI (57) boot:  0 nvs              WiFi data        01 02 00009000 00006000[0m
[0;32mI (65) boot:  1 phy_init         RF data          01 01 0000f000 00001000[0m
[0;32mI (72) boot:  2 factory          factory app      00 00 00010000 000e1000[0m
[0;32mI (79) boot:  3 zb_storage       Unknown data     01 81 000f1000 00004000[0m
[0;32mI (87) boot:  4 zb_fct           Unknown data     01 81 000f5000 00000400[0m
[0;32mI (95) boot: End of partition table[0m
[0;32mI (99) esp_image: segment 0: paddr=00010020 vaddr=42060020 size=11e2ch ( 73260) map[0m
[0;32mI (122) esp_image: segment 1: paddr=00021e54 vaddr=40800000 size=0e1c4h ( 57796) load[0m
[0;32mI (137) esp_image: segment 2: paddr=00030020 vaddr=42000020 size=5a254h (369236) map[0m
[0;32mI (213) esp_image: segment 3: paddr=0008a27c vaddr=4080e1c4 size=0167ch (  5756) load[0m
[0;32mI (216) esp_image: segment 4: paddr=0008b900 vaddr=4080f840 size=020fch (  8444) load[0m
[0;32mI (225) boot: Loaded app from partition at offset 0x10000[0m
[0;32mI (225) boot: Disabling RNG early entropy source...[0m
[0;32mI (243) cpu_start: Unicore app[0m
[0;32mI (251) cpu_start: Pro cpu start user code[0m
[0;32mI (251) cpu_start: cpu freq: 160000000 Hz[0m
[0;32mI (252) app_init: Application information:[0m
[0;32mI (254) app_init: Project name:     SCD30_ZIGBEE[0m
[0;32mI (260) app_init: App version:      1[0m
[0;32mI (264) app_init: Compile time:     Oct 27 2024 21:22:39[0m
[0;32mI (270) app_init: ELF file SHA256:  94addd85d...[0m
[0;32mI (275) app_init: ESP-IDF:          v5.3.1[0m
[0;32mI (280) efuse_init: Min chip rev:     v0.0[0m
[0;32mI (285) efuse_init: Max chip rev:     v0.99 [0m
[0;32mI (290) efuse_init: Chip rev:         v0.0[0m
[0;32mI (295) heap_init: Initializing. RAM available for dynamic allocation:[0m
[0;32mI (302) heap_init: At 40816000 len 00066610 (409 KiB): RAM[0m
[0;32mI (308) heap_init: At 4087C610 len 00002F54 (11 KiB): RAM[0m
[0;32mI (314) heap_init: At 50000000 len 00003FE8 (15 KiB): RTCRAM[0m
[0;32mI (321) spi_flash: detected chip: generic[0m
[0;32mI (325) spi_flash: flash io: dio[0m
[0;32mI (329) sleep: Configure to isolate all GPIO pins in sleep state[0m
[0;32mI (336) sleep: Enable automatic switching of GPIO sleep configuration[0m
[0;32mI (354) coexist: coex firmware version: 4482466[0m
[0;32mI (370) coexist: coexist rom version 5b8dcfa[0m
[0;32mI (371) main_task: Started on CPU0[0m
[0;32mI (371) main_task: Calling app_main()[0m
[0;32mI (371) MAIN: Initializing NVS...[0m
[0;32mI (381) MAIN: NVS initialized successfully[0m
[0;32mI (381) phy_init: phy_version 310,dde1ba9,Jun  4 2024,16:38:11[0m
[0;33mW (381) phy_init: failed to load RF calibration data (0x1102), falling back to full calibration[0m
[0;33mW (421) phy_init: saving new calibration data because of checksum failure, mode(2)[0m
[0;32mI (431) phy: libbtbb version: 04952fd, Jun  4 2024, 16:38:26[0m
[0;32mI (561) ZIGBEE_HANDLER: ZDO signal: ZDO Config Ready (0x17), status: ESP_FAIL[0m
[0;32mI (561) ZIGBEE_HANDLER: Initialize Zigbee stack[0m
[0;32mI (561) I2C_HANDLER: Starting I2C initialization...[0m
[0;32mI (561) I2C_HANDLER: SDA Pin: 21, SCL Pin: 22[0m
[0;33mW (571) I2C_HANDLER: Attempting I2C bus recovery...[0m
[0;32mI (581) gpio: GPIO[21]| InputEn: 0| OutputEn: 1| OpenDrain: 1| Pullup: 1| Pulldown: 0| Intr:0 [0m
[0;32mI (581) gpio: GPIO[22]| InputEn: 0| OutputEn: 1| OpenDrain: 1| Pullup: 1| Pulldown: 0| Intr:0 [0m
[0;32mI (591) gpio: GPIO[22]| InputEn: 0| OutputEn: 0| OpenDrain: 0| Pullup: 1| Pulldown: 0| Intr:0 [0m
[0;32mI (601) gpio: GPIO[21]| InputEn: 0| OutputEn: 0| OpenDrain: 0| Pullup: 1| Pulldown: 0| Intr:0 [0m
[0;32mI (611) I2C_HANDLER: I2C bus recovery completed[0m
[0;32mI (621) gpio: GPIO[21]| InputEn: 1| OutputEn: 1| OpenDrain: 1| Pullup: 1| Pulldown: 0| Intr:0 [0m
[0;32mI (631) gpio: GPIO[22]| InputEn: 1| OutputEn: 1| OpenDrain: 1| Pullup: 1| Pulldown: 0| Intr:0 [0m
[0;33mW (641) i2c.master: Please note i2c asynchronous is only used for specific scenario currently. It's experimental for other users because user cannot get bus error from API. And It's not compatible with ``i2c_master_probe``. If user makes sure there won't be any error on bus and tested with no problem, this message can be ignored.[0m
[0;32mI (671) I2C_HANDLER: I2C bus initialized successfully[0m
[0;32mI (671) I2C_HANDLER: SCD30 device added to I2C bus[0m
[0;33mW (781) I2C_HANDLER: Device probe failed for address 0x61, but continuing anyway[0m
[0;32mI (561) ZIGBEE_HANDLER: Deferred driver initialization successful[0m
[0;32mI (781) ZIGBEE_HANDLER: Device started up in  factory-reset mode[0m
[0;32mI (791) ZIGBEE_HANDLER: Start network steering[0m
[0;31mE (801) ESP_ZIGBEE_CORE: In BDB commissioning, an error occurred (for example: the device has already been running)[0m
[0;32mI (841) SCD30_DRIVER: Raw data read from sensor: [0m
[0;32mI (841) SCD30_DRIVER: 0xa5 [0m
[0;32mI (841) SCD30_DRIVER: 0xa5 [0m
[0;32mI (841) SCD30_DRIVER: 0xb0 [0m
[0;32mI (871) SCD30_DRIVER: Raw data read from sensor: [0m
[0;32mI (871) SCD30_DRIVER: 0x08 [0m
[0;32mI (871) SCD30_DRIVER: 0xfb [0m
[0;32mI (871) SCD30_DRIVER: 0x00 [0m
[0;32mI (871) SCD30_DRIVER: 0x34 [0m
[0;32mI (871) SCD30_DRIVER: 0x7a [0m
[0;32mI (881) SCD30_DRIVER: 0x93 [0m
[0;32mI (881) SCD30_DRIVER: 0x41 [0m
[0;32mI (881) SCD30_DRIVER: 0xb4 [0m
[0;32mI (891) SCD30_DRIVER: 0x87 [0m
[0;32mI (891) SCD30_DRIVER: 0xfb [0m
[0;32mI (891) SCD30_DRIVER: 0x97 [0m
[0;32mI (901) SCD30_DRIVER: 0x2d [0m
[0;32mI (901) SCD30_DRIVER: 0x42 [0m
[0;32mI (901) SCD30_DRIVER: 0x73 [0m
[0;32mI (911) SCD30_DRIVER: 0x7a [0m
[0;32mI (911) SCD30_DRIVER: 0xb1 [0m
[0;32mI (911) SCD30_DRIVER: 0x46 [0m
[0;32mI (921) SCD30_DRIVER: 0x7f [0m
[0;32mI (941) ZIGBEE_HANDLER: CO2: 704.8 Hum: 60.9 Tmp: 22.6[0m
[0;31mE (30801) MAIN: Failed to connect to Zigbee network within timeout[0m
[0;32mI (30801) main_task: Returned from app_main()[0m
ESP-ROM:esp32c6-20220919
Build:Sep 19 2022
rst:0x1 (POWERON),boot:0x6c (SPI_FAST_FLASH_BOOT)
SPIWP:0xee
mode:DIO, clock div:2
load:0x40875720,len:0x1804
load:0x4086c110,len:0xe2c
load:0x4086e610,len:0x2e58
entry 0x4086c11a
[0;32mI (23) boot: ESP-IDF v5.3.1 2nd stage bootloader[0m
[0;32mI (24) boot: compile time Oct 25 2024 20:09:58[0m
[0;32mI (24) boot: chip revision: v0.0[0m
[0;32mI (26) boot.esp32c6: SPI Speed      : 80MHz[0m
[0;32mI (31) boot.esp32c6: SPI Mode       : DIO[0m
[0;32mI (36) boot.esp32c6: SPI Flash Size : 16MB[0m
[0;32mI (41) boot: Enabling RNG early entropy source...[0m
[0;32mI (46) boot: Partition Table:[0m
[0;32mI (50) boot: ## Label            Usage          Type ST Offset   Length[0m
[0;32mI (57) boot:  0 nvs              WiFi data        01 02 00009000 00006000[0m
[0;32mI (65) boot:  1 phy_init         RF data          01 01 0000f000 00001000[0m
[0;32mI (72) boot:  2 factory          factory app      00 00 00010000 000e1000[0m
[0;32mI (79) boot:  3 zb_storage       Unknown data     01 81 000f1000 00004000[0m
[0;32mI (87) boot:  4 zb_fct           Unknown data     01 81 000f5000 00000400[0m
[0;32mI (95) boot: End of partition table[0m
[0;32mI (99) esp_image: segment 0: paddr=00010020 vaddr=42060020 size=11e2ch ( 73260) map[0m
[0;32mI (122) esp_image: segment 1: paddr=00021e54 vaddr=40800000 size=0e1c4h ( 57796) load[0m
[0;32mI (137) esp_image: segment 2: paddr=00030020 vaddr=42000020 size=5a254h (369236) map[0m
[0;32mI (213) esp_image: segment 3: paddr=0008a27c vaddr=4080e1c4 size=0167ch (  5756) load[0m
[0;32mI (216) esp_image: segment 4: paddr=0008b900 vaddr=4080f840 size=020fch (  8444) load[0m
[0;32mI (225) boot: Loaded app from partition at offset 0x10000[0m
[0;32mI (225) boot: Disabling RNG early entropy source...[0m
[0;32mI (243) cpu_start: Unicore app[0m
[0;32mI (251) cpu_start: Pro cpu start user code[0m
[0;32mI (251) cpu_start: cpu freq: 160000000 Hz[0m
[0;32mI (252) app_init: Application information:[0m
[0;32mI (254) app_init: Project name:     SCD30_ZIGBEE[0m
[0;32mI (260) app_init: App version:      1[0m
[0;32mI (264) app_init: Compile time:     Oct 27 2024 21:22:39[0m
[0;32mI (270) app_init: ELF file SHA256:  94addd85d...[0m
[0;32mI (275) app_init: ESP-IDF:          v5.3.1[0m
[0;32mI (280) efuse_init: Min chip rev:     v0.0[0m
[0;32mI (285) efuse_init: Max chip rev:     v0.99 [0m
[0;32mI (290) efuse_init: Chip rev:         v0.0[0m
[0;32mI (295) heap_init: Initializing. RAM available for dynamic allocation:[0m
[0;32mI (302) heap_init: At 40816000 len 00066610 (409 KiB): RAM[0m
[0;32mI (308) heap_init: At 4087C610 len 00002F54 (11 KiB): RAM[0m
[0;32mI (314) heap_init: At 50000000 len 00003FE8 (15 KiB): RTCRAM[0m
[0;32mI (321) spi_flash: detected chip: generic[0m
[0;32mI (325) spi_flash: flash io: dio[0m
[0;32mI (329) sleep: Configure to isolate all GPIO pins in sleep state[0m
[0;32mI (336) sleep: Enable automatic switching of GPIO sleep configuration[0m
[0;32mI (354) coexist: coex firmware version: 4482466[0m
[0;32mI (370) coexist: coexist rom version 5b8dcfa[0m
[0;32mI (371) main_task: Started on CPU0[0m
[0;32mI (371) main_task: Calling app_main()[0m
[0;32mI (371) MAIN: Initializing NVS...[0m
[0;32mI (381) MAIN: NVS initialized successfully[0m
[0;32mI (381) phy_init: phy_version 310,dde1ba9,Jun  4 2024,16:38:11[0m
[0;32mI (421) phy: libbtbb version: 04952fd, Jun  4 2024, 16:38:26[0m
[0;32mI (431) ZIGBEE_HANDLER: ZDO signal: ZDO Config Ready (0x17), status: ESP_FAIL[0m
[0;32mI (431) ZIGBEE_HANDLER: Initialize Zigbee stack[0m
[0;32mI (431) I2C_HANDLER: Starting I2C initialization...[0m
[0;32mI (431) I2C_HANDLER: SDA Pin: 21, SCL Pin: 22[0m
[0;33mW (441) I2C_HANDLER: Attempting I2C bus recovery...[0m
[0;32mI (441) gpio: GPIO[21]| InputEn: 0| OutputEn: 1| OpenDrain: 1| Pullup: 1| Pulldown: 0| Intr:0 [0m
[0;32mI (451) gpio: GPIO[22]| InputEn: 0| OutputEn: 1| OpenDrain: 1| Pullup: 1| Pulldown: 0| Intr:0 [0m
[0;32mI (461) gpio: GPIO[22]| InputEn: 0| OutputEn: 0| OpenDrain: 0| Pullup: 1| Pulldown: 0| Intr:0 [0m
[0;32mI (471) gpio: GPIO[21]| InputEn: 0| OutputEn: 0| OpenDrain: 0| Pullup: 1| Pulldown: 0| Intr:0 [0m
[0;32mI (481) I2C_HANDLER: I2C bus recovery completed[0m
[0;32mI (491) gpio: GPIO[21]| InputEn: 1| OutputEn: 1| OpenDrain: 1| Pullup: 1| Pulldown: 0| Intr:0 [0m
[0;32mI (501) gpio: GPIO[22]| InputEn: 1| OutputEn: 1| OpenDrain: 1| Pullup: 1| Pulldown: 0| Intr:0 [0m
[0;33mW (511) i2c.master: Please note i2c asynchronous is only used for specific scenario currently. It's experimental for other users because user cannot get bus error from API. And It's not compatible with ``i2c_master_probe``. If user makes sure there won't be any error on bus and tested with no problem, this message can be ignored.[0m
[0;32mI (541) I2C_HANDLER: I2C bus initialized successfully[0m
[0;32mI (541) I2C_HANDLER: SCD30 device added to I2C bus[0m
[0;33mW (651) I2C_HANDLER: Device probe failed for address 0x61, but continuing anyway[0m
[0;32mI (431) ZIGBEE_HANDLER: Deferred driver initialization successful[0m
[0;32mI (651) ZIGBEE_HANDLER: Device started up in  factory-reset mode[0m
[0;32mI (661) ZIGBEE_HANDLER: Start network steering[0m
[0;31mE (671) ESP_ZIGBEE_CORE: In BDB commissioning, an error occurred (for example: the device has already been running)[0m
[0;32mI (711) SCD30_DRIVER: Raw data read from sensor: [0m
[0;32mI (711) SCD30_DRIVER: 0xa5 [0m
[0;32mI (711) SCD30_DRIVER: 0xa5 [0m
[0;32mI (711) SCD30_DRIVER: 0xb0 [0m
[0;32mI (741) SCD30_DRIVER: Raw data read from sensor: [0m
[0;32mI (741) SCD30_DRIVER: 0x08 [0m
[0;32mI (741) SCD30_DRIVER: 0xfb [0m
[0;32mI (741) SCD30_DRIVER: 0x00 [0m
[0;32mI (741) SCD30_DRIVER: 0x0b [0m
[0;32mI (741) SCD30_DRIVER: 0x08 [0m
[0;32mI (751) SCD30_DRIVER: 0x22 [0m
[0;32mI (751) SCD30_DRIVER: 0x41 [0m
[0;32mI (751) SCD30_DRIVER: 0xb3 [0m
[0;32mI (761) SCD30_DRIVER: 0x10 [0m
[0;32mI (761) SCD30_DRIVER: 0xd4 [0m
[0;32mI (761) SCD30_DRIVER: 0x47 [0m
[0;32mI (771) SCD30_DRIVER: 0x6c [0m
[0;32mI (771) SCD30_DRIVER: 0x42 [0m
[0;32mI (771) SCD30_DRIVER: 0x73 [0m
[0;32mI (781) SCD30_DRIVER: 0x7a [0m
[0;32mI (781) SCD30_DRIVER: 0x38 [0m
[0;32mI (781) SCD30_DRIVER: 0xa7 [0m
[0;32mI (791) SCD30_DRIVER: 0x6f [0m
[0;32mI (811) ZIGBEE_HANDLER: CO2: 696.2 Hum: 60.8 Tmp: 22.5[0m
[0;31mE (30671) MAIN: Failed to connect to Zigbee network within timeout[0m
[0;32mI (30671) main_task: Returned from app_main()[0m
