ï¿½ESP-ROM:esp32c6-20220919
Build:Sep 19 2022
rst:0x1 (POWERON),boot:0x6c (SPI_FAST_FLASH_BOOT)
SPIWP:0xee
mode:DIO, clock div:2
load:0x40875720,len:0x1804
load:0x4086c110,len:0xe2c
load:0x4086e610,len:0x2e58
entry 0x4086c11a
[0;32mI (23) boot: ESP-IDF v5.3.1 2nd stage bootloader[0m
[0;32mI (24) boot: compile time Oct 25 2024 20:09:58[0m
[0;32mI (24) boot: chip revision: v0.0[0m
[0;32mI (26) boot.esp32c6: SPI Speed      : 80MHz[0m
[0;32mI (31) boot.esp32c6: SPI Mode       : DIO[0m
[0;32mI (36) boot.esp32c6: SPI Flash Size : 16MB[0m
[0;32mI (41) boot: Enabling RNG early entropy source...[0m
[0;32mI (46) boot: Partition Table:[0m
[0;32mI (50) boot: ## Label            Usage          Type ST Offset   Length[0m
[0;32mI (57) boot:  0 nvs              WiFi data        01 02 00009000 00006000[0m
[0;32mI (65) boot:  1 phy_init         RF data          01 01 0000f000 00001000[0m
[0;32mI (72) boot:  2 factory          factory app      00 00 00010000 000e1000[0m
[0;32mI (79) boot:  3 zb_storage       Unknown data     01 81 000f1000 00004000[0m
[0;32mI (87) boot:  4 zb_fct           Unknown data     01 81 000f5000 00000400[0m
[0;32mI (95) boot: End of partition table[0m
[0;32mI (99) esp_image: segment 0: paddr=00010020 vaddr=42090020 size=2e768h (190312) map[0m
[0;32mI (146) esp_image: segment 1: paddr=0003e790 vaddr=40800000 size=01888h (  6280) load[0m
[0;32mI (149) esp_image: segment 2: paddr=00040020 vaddr=42000020 size=87f78h (556920) map[0m
[0;32mI (267) esp_image: segment 3: paddr=000c7fa0 vaddr=40801888 size=0dce8h ( 56552) load[0m
[0;32mI (281) esp_image: segment 4: paddr=000d5c90 vaddr=4080f570 size=0211ch (  8476) load[0m
[0;32mI (287) boot: Loaded app from partition at offset 0x10000[0m
[0;32mI (288) boot: Disabling RNG early entropy source...[0m
[0;32mI (302) cpu_start: Unicore app[0m
[0;32mI (310) cpu_start: Pro cpu start user code[0m
[0;32mI (310) cpu_start: cpu freq: 160000000 Hz[0m
[0;32mI (311) app_init: Application information:[0m
[0;32mI (313) app_init: Project name:     SCD30_ZIGBEE[0m
[0;32mI (319) app_init: App version:      1[0m
[0;32mI (323) app_init: Compile time:     Oct 26 2024 11:19:38[0m
[0;32mI (329) app_init: ELF file SHA256:  4e9e7181a...[0m
[0;32mI (334) app_init: ESP-IDF:          v5.3.1[0m
[0;32mI (339) efuse_init: Min chip rev:     v0.0[0m
[0;32mI (344) efuse_init: Max chip rev:     v0.99 [0m
[0;32mI (349) efuse_init: Chip rev:         v0.0[0m
[0;32mI (353) heap_init: Initializing. RAM available for dynamic allocation:[0m
[0;32mI (361) heap_init: At 40815D30 len 000668E0 (410 KiB): RAM[0m
[0;32mI (367) heap_init: At 4087C610 len 00002F54 (11 KiB): RAM[0m
[0;32mI (373) heap_init: At 50000000 len 00003FE8 (15 KiB): RTCRAM[0m
[0;32mI (380) spi_flash: detected chip: generic[0m
[0;32mI (384) spi_flash: flash io: dio[0m
[0;32mI (388) sleep: Configure to isolate all GPIO pins in sleep state[0m
[0;32mI (395) sleep: Enable automatic switching of GPIO sleep configuration[0m
[0;32mI (413) coexist: coex firmware version: 4482466[0m
[0;32mI (429) coexist: coexist rom version 5b8dcfa[0m
[0;32mI (430) main_task: Started on CPU0[0m
[0;32mI (430) main_task: Calling app_main()[0m
[0;32mI (430) MAIN: Initializing NVS...[0m
[0;32mI (440) MAIN: NVS initialized successfully[0m
[0;32mI (440) MAIN: Initializing system components...[0m
[0;32mI (440) I2C_HANDLER: Starting I2C initialization...[0m
[0;32mI (450) I2C_HANDLER: SDA Pin: 21, SCL Pin: 22[0m
[0;33mW (450) I2C_HANDLER: Attempting I2C bus recovery...[0m
[0;32mI (460) gpio: GPIO[21]| InputEn: 0| OutputEn: 1| OpenDrain: 1| Pullup: 1| Pulldown: 0| Intr:0 [0m
[0;32mI (470) gpio: GPIO[22]| InputEn: 0| OutputEn: 1| OpenDrain: 1| Pullup: 1| Pulldown: 0| Intr:0 [0m
[0;32mI (480) gpio: GPIO[22]| InputEn: 0| OutputEn: 0| OpenDrain: 0| Pullup: 1| Pulldown: 0| Intr:0 [0m
[0;32mI (480) gpio: GPIO[21]| InputEn: 0| OutputEn: 0| OpenDrain: 0| Pullup: 1| Pulldown: 0| Intr:0 [0m
[0;32mI (490) I2C_HANDLER: I2C bus recovery completed[0m
[0;32mI (500) gpio: GPIO[21]| InputEn: 1| OutputEn: 1| OpenDrain: 1| Pullup: 1| Pulldown: 0| Intr:0 [0m
[0;32mI (510) gpio: GPIO[22]| InputEn: 1| OutputEn: 1| OpenDrain: 1| Pullup: 1| Pulldown: 0| Intr:0 [0m
[0;33mW (520) i2c.master: Please note i2c asynchronous is only used for specific scenario currently. It's experimental for other users because user cannot get bus error from API. And It's not compatible with ``i2c_master_probe``. If user makes sure there won't be any error on bus and tested with no problem, this message can be ignored.[0m
[0;32mI (550) I2C_HANDLER: I2C bus initialized successfully[0m
[0;32mI (550) I2C_HANDLER: SCD30 device added to I2C bus[0m
[0;33mW (660) I2C_HANDLER: Device probe failed for address 0x61, but continuing anyway[0m
[0;32mI (660) ESP_ZIGBEE_CORE: SDK Version: v1.5.1-d7b0a45-60ebec12-a9edc7b; esp32c6; 2024-10-12 03:22:09 UTC[0m
[0;32mI (660) phy_init: phy_version 310,dde1ba9,Jun  4 2024,16:38:11[0m
[0;33mW (670) phy_init: failed to load RF calibration data (0x1102), falling back to full calibration[0m
[0;33mW (710) phy_init: saving new calibration data because of checksum failure, mode(2)[0m
[0;32mI (720) phy: libbtbb version: 04952fd, Jun  4 2024, 16:38:26[0m
ZBOSS: common/zb_init_default.c:181   ED build
ZBOSS: common/zb_init_default.c:187   sizes: g_zb 7576 sched 224 bpool 16 nwk 912 aps 3040 addr 284 zdo 840
ZBOSS: common/zb_init_default.c:196   sec 2
ZBOSS: common/zb_init_default.c:198   zcl 768
ZBOSS: common/zb_init_default.c:201   zll 960
ZBOSS: common/zb_init_default.c:207   nvram 140
ZBOSS: common/zb_init_default.c:210   buttons 200
ZBOSS: common/zb_init_default.c:212   err_ind 4
ZBOSS: common/zb_init_default.c:218   scheduler q size 80
ZBOSS: common/zb_init_default.c:221   g_mac 816 g_imac 28
ZBOSS: common/zb_init_default.c:225   Configurable mem build, use ZBOSS lib defaults = 0
ZBOSS: common/zb_init_default.c:231   ZB_IOBUF_POOL_SIZE 80 ZB_NWK_IN_Q_SIZE 40 ZB_MAC_PENDING_QUEUE_SIZE 20 ZB_APS_DST_BINDING_TABLE_SIZE 16 ZB_APS_BIND_TRANS_TABLE_SIZE 20 ZB_N_APS_RETRANS_ENTRIES 27
ZBOSS: common/zb_init_default.c:261   ZB_N_APS_KEY_PAIR_ARR_MAX_SIZE 8 ZB_IEEE_ADDR_TABLE_SIZE 64 ZB_NEIGHBOR_TABLE_SIZE 64 ZB_NWK_ROUTING_TABLE_SIZE 0 ZB_APS_DUPS_TABLE_SIZE 32
ZBOSS: zdo/af_descriptor.c:357   ep_count 1
[0;32mI (810) pm: Frequency switching config: CPU_MAX: 160, APB_MAX: 160, APB_MIN: 160, Light sleep: DISABLED[0m
[0;32mI (820) SCD30_DRIVER: Initializing SCD30 sensor[0m
[0;32mI (830) I2C_HANDLER: Successfully added device with address 0x61[0m
[0;32mI (1860) SCD30_DRIVER: Raw data read from sensor: [0m
[0;32mI (1860) SCD30_DRIVER: 0x00 [0m
[0;32mI (1860) SCD30_DRIVER: 0x00 [0m
[0;32mI (1860) SCD30_DRIVER: 0xb0 [0m
[0;32mI (3420) SCD30_DRIVER: Attempting to set temperature offset to 2.50Â°C[0m
[0;32mI (3420) SCD30_DRIVER: Setting temperature offset to 2.50Â°C (250 ticks, 0x00FA)[0m
[0;32mI (3480) SCD30_DRIVER: Raw data read from sensor: [0m
[0;32mI (3480) SCD30_DRIVER: 0xaa [0m
[0;32mI (3480) SCD30_DRIVER: 0xfd [0m
[0;32mI (3480) SCD30_DRIVER: 0xd8 [0m
[0;32mI (3480) SCD30_DRIVER: Current temperature offset: 2.50Â°C (word: 0x00fa, ticks: 250)[0m
[0;32mI (3490) SCD30_DRIVER: Verified temperature offset is set to 2.50Â°C[0m
[0;32mI (3600) SCD30_DRIVER: Setting altitude compensation to 500 meters[0m
[0;32mI (3630) SCD30_DRIVER: Altitude compensation enabled at 500 meters[0m
[0;32mI (3660) SCD30_DRIVER: SCD30 initialized successfully after 1 attempt(s)[0m
[0;32mI (5660) MAIN: SCD30 initialized successfully after 1 attempts[0m
[0;32mI (5660) MAIN: System initialized successfully[0m
[0;32mI (5660) I2C_HANDLER: Probing device at address 0x61...[0m
[0;32mI (5660) I2C_HANDLER: Probe successful for address 0x61[0m
[0;32mI (5670) I2C_HANDLER: I2C device found at address 0x61[0m
[0;32mI (5670) MAIN: Starting Zigbee operations...[0m
ZBOSS: zdo/zdo_app_prod_conf.c:144   no production config block found
ZBOSS: zdo/zdo_app_prod_conf.c:781   no valid produ